// Jest Snapshot v1, https://goo.gl/fbAQLP

exports[`supports async matchers 1`] = `
test('inline snapshots', async () => {
  expect(Promise.resolve('success')).resolves.toMatchInlineSnapshot(
    \`"success"\`
  );
  expect(Promise.reject('fail')).rejects.toMatchInlineSnapshot(\`"fail"\`);
});

`;

exports[`supports async tests 1`] = `
test('inline snapshots', async () => {
  await 'next tick';
  expect(42).toMatchInlineSnapshot(\`42\`);
});

`;

exports[`writes snapshots with non-literals in expect(...) 1`] = `
it('works with inline snapshots', () => {
  expect({a: 1}).toMatchInlineSnapshot(\`
Object {
  "a": 1,
}
\`);
});

`;
